            --------------------------------------------------------
                             AMBER SQM VERSION 19
 
                                     By
              Ross C. Walker, Michael F. Crowley, Scott Brozell,
                         Tim Giese, Andreas W. Goetz,
                        Tai-Sung Lee and David A. Case
 
            --------------------------------------------------------
 

--------------------------------------------------------------------------------
  QM CALCULATION INFO
--------------------------------------------------------------------------------

| QMMM: Citation for AMBER QMMM Run:
| QMMM: R.C. Walker, M.F. Crowley and D.A. Case, J. COMP. CHEM. 29:1019, 2008

QMMM: SINGLET STATE CALCULATION
QMMM: RHF CALCULATION, NO. OF DOUBLY OCCUPIED LEVELS = 55

| QMMM: *** Selected Hamiltonian *** 
| QMMM: AM1         

| QMMM: *** Parameter sets in use ***
| QMMM: Cl: M.J.S.DEWAR et al. THEOCHEM, 180, 1, (1988)
| QMMM: F : M.J.S.DEWAR et al. THEOCHEM, 180, 1, (1988)
| QMMM: O : M.J.S.DEWAR et al. JACS, 107, 3902, (1985)
| QMMM: N : M.J.S.DEWAR et al. JACS, 107, 3902, (1985)
| QMMM: C : M.J.S.DEWAR et al. JACS, 107, 3902, (1985)
| QMMM: H : M.J.S.DEWAR et al. JACS, 107, 3902, (1985)

| QMMM: *** SCF convergence criteria ***
| QMMM: Energy change                :  0.1D-09 kcal/mol
| QMMM: Error matrix |FP-PF|         :  0.1D+00 au
| QMMM: Density matrix change        :  0.5D-06
| QMMM: Maximum number of SCF cycles :     1000

| QMMM: *** Diagonalization Routine Information ***
| QMMM: Pseudo diagonalizations are allowed.
| QMMM: Auto diagonalization routine selection is in use.
| QMMM:
| QMMM: Timing diagonalization routines:
| QMMM:                              norbs =       93
| QMMM:    diag iterations used for timing =       15
| QMMM:
| QMMM:              Internal diag routine = 0.019431 seconds
| QMMM:                 Dspev diag routine = 0.033455 seconds
| QMMM:                Dspevd diag routine = 0.022618 seconds
| QMMM:                Dspevx diag routine = 0.083576 seconds
| QMMM:                 Dsyev diag routine = 0.032540 seconds
| QMMM:                Dsyevd diag routine = 0.027576 seconds
| QMMM:                Dsyevr diag routine = 0.024230 seconds
| QMMM:
| QMMM:                Pseudo diag routine = 0.007924 seconds
| QMMM:
| QMMM: Using internal diagonalization routine (diag_routine=1).

  QMMM: QM Region Cartesian Coordinates (*=link atom) 
  QMMM: QM_NO.   MM_NO.  ATOM         X         Y         Z
  QMMM:     1        1      Cl      -4.6850  -32.7250   25.2220
  QMMM:     2        2      F       -0.7550  -36.6320   25.6970
  QMMM:     3        3      F        1.0780  -37.0430   24.6720
  QMMM:     4        4      F       -0.7840  -37.1770   23.6260
  QMMM:     5        5      O        1.5240  -34.9340   20.9100
  QMMM:     6        6      O        0.9890  -34.8800   23.0580
  QMMM:     7        7      N       -0.6810  -34.9710   21.4340
  QMMM:     8        8      C       -1.6620  -34.4140   22.3130
  QMMM:     9        9      C       -2.9150  -33.9470   21.8430
  QMMM:    10       10      C       -3.8380  -33.4230   22.7710
  QMMM:    11       11      C       -3.5330  -33.3730   24.1190
  QMMM:    12       12      C       -2.3100  -33.8290   24.5930
  QMMM:    13       13      C       -1.3860  -34.3780   23.6810
  QMMM:    14       14      C       -0.0020  -34.9570   24.1440
  QMMM:    15       15      C        0.5520  -34.2360   25.3150
  QMMM:    16       16      C        0.9850  -33.6570   26.2410
  QMMM:    17       17      C        1.6050  -32.8020   27.5860
  QMMM:    18       18      C        2.8080  -33.0830   27.6390
  QMMM:    19       19      C        2.4040  -31.9800   27.1230
  QMMM:    20       20      C       -0.1210  -36.4720   24.5390
  QMMM:    21       21      C        0.6650  -34.9320   21.7250
  QMMM:    22       22      H        2.4640  -31.8200   26.1680
  QMMM:    23       23      H        2.5630  -31.1310   27.5640
  QMMM:    24       24      H        3.2840  -33.0980   28.4840
  QMMM:    25       25      H        3.1850  -33.7870   27.0890
  QMMM:    26       26      H        0.8810  -32.7660   28.2300
  QMMM:    27       27      H       -0.9390  -35.3410   20.7020
  QMMM:    28       28      H       -2.0950  -33.7710   25.5370
  QMMM:    29       29      H       -4.6960  -33.0940   22.4610
  QMMM:    30       30      H       -3.1340  -33.9870   20.8990

--------------------------------------------------------------------------------
  RESULTS
--------------------------------------------------------------------------------

      iter         sqm energy              rms gradient
      ----    -------------------    -----------------------
xmin    10     -119.8014 kcal/mol        0.7720 kcal/(mol*A)
xmin    20     -120.3109 kcal/mol        0.4028 kcal/(mol*A)
xmin    30     -120.4267 kcal/mol        0.1929 kcal/(mol*A)
xmin    40     -120.4375 kcal/mol        0.1871 kcal/(mol*A)
xmin    50     -120.4398 kcal/mol        0.0682 kcal/(mol*A)
xmin    60     -120.4417 kcal/mol        0.0139 kcal/(mol*A)
xmin    70     -120.4495 kcal/mol        0.0254 kcal/(mol*A)
xmin    80     -120.4660 kcal/mol        0.1567 kcal/(mol*A)
xmin    90     -120.4745 kcal/mol        0.0637 kcal/(mol*A)
xmin   100     -120.4813 kcal/mol        0.0369 kcal/(mol*A)
xmin   110     -120.4898 kcal/mol        0.0406 kcal/(mol*A)
xmin   120     -120.4936 kcal/mol        0.1119 kcal/(mol*A)
xmin   130     -120.4994 kcal/mol        0.1293 kcal/(mol*A)
xmin   140     -120.5023 kcal/mol        0.0218 kcal/(mol*A)
xmin   150     -120.5028 kcal/mol        0.0077 kcal/(mol*A)
xmin   160     -120.5032 kcal/mol        0.0177 kcal/(mol*A)
xmin   170     -120.5034 kcal/mol        0.0042 kcal/(mol*A)
xmin   180     -120.5035 kcal/mol        0.0071 kcal/(mol*A)
xmin   190     -120.5036 kcal/mol        0.0181 kcal/(mol*A)
xmin   200     -120.5037 kcal/mol        0.0228 kcal/(mol*A)
xmin   210     -120.5037 kcal/mol        0.0044 kcal/(mol*A)
xmin   220     -120.5037 kcal/mol        0.0032 kcal/(mol*A)
xmin   230     -120.5037 kcal/mol        0.0073 kcal/(mol*A)
xmin   240     -120.5038 kcal/mol        0.0051 kcal/(mol*A)
xmin   250     -120.5038 kcal/mol        0.0027 kcal/(mol*A)
xmin   260     -120.5038 kcal/mol        0.0009 kcal/(mol*A)
xmin   270     -120.5038 kcal/mol        0.0006 kcal/(mol*A)
  ... geometry converged !
 
 Final MO eigenvalues (eV):
 -52.0466  -48.8096  -48.7111  -42.3075  -39.9582  -39.3514  -38.4377  -38.0558
 -36.2649  -34.8411  -32.6747  -30.9911  -29.4946  -25.9619  -25.4726  -24.7143
 -24.1167  -23.6194  -21.5542  -20.9676  -20.1840  -19.6855  -19.3416  -19.1758
 -18.4884  -17.7235  -17.2548  -16.8762  -16.5897  -16.4726  -16.0900  -15.6573
 -15.4088  -15.3225  -15.1878  -14.9764  -14.7663  -14.4739  -14.4714  -14.2670
 -13.9467  -13.7868  -13.6433  -13.3456  -13.1764  -12.6484  -12.6267  -12.3403
 -12.2106  -11.9300  -11.8069  -11.1302  -10.7483  -10.6363   -9.4401   -0.7346
  -0.5086    0.2988    0.4796    0.9161    0.9799    1.1108    1.3083    1.7831
   1.9120    2.4117    2.5237    2.8372    2.9219    3.2256    3.2612    3.3181
   3.3710    3.3965    3.4413    3.6001    3.6650    3.7428    3.8594    4.0847
   4.1229    4.2165    4.2997    4.5137    4.5208    4.5639    4.6300    4.6715
   4.8455    4.8971    5.8232    6.0612    6.3807

 Heat of formation   =       -120.50380200 kcal/mol  (       -5.22543697 eV)

 Total SCF energy    =    -105867.28362924 kcal/mol  (    -4590.74990804 eV)
 Electronic energy   =    -613791.70441172 kcal/mol  (   -26616.00556835 eV)
 Core-core repulsion =     507924.42078248 kcal/mol  (    22025.25566031 eV)
 
    Atomic Charges for Step       1 :
  Atom    Element       Mulliken Charge
     1      Cl                 0.004
     2      F                 -0.160
     3      F                 -0.143
     4      F                 -0.156
     5      O                 -0.307
     6      O                 -0.217
     7      N                 -0.328
     8      C                  0.115
     9      C                 -0.172
    10      C                 -0.068
    11      C                 -0.096
    12      C                 -0.053
    13      C                 -0.168
    14      C                  0.262
    15      C                 -0.231
    16      C                 -0.013
    17      C                 -0.095
    18      C                 -0.187
    19      C                 -0.186
    20      C                  0.413
    21      C                  0.411
    22      H                  0.126
    23      H                  0.117
    24      H                  0.117
    25      H                  0.125
    26      H                  0.143
    27      H                  0.270
    28      H                  0.170
    29      H                  0.156
    30      H                  0.149
 Total Mulliken Charge =      -0.000
 
                  X        Y        Z     TOTAL  
  QM DIPOLE    -2.719    4.049    0.483    4.901
 
 Final Structure

  QMMM: QM Region Cartesian Coordinates (*=link atom) 
  QMMM: QM_NO.   MM_NO.  ATOM         X         Y         Z
  QMMM:     1        1      Cl      -4.9215  -33.7218   25.3840
  QMMM:     2        2      F       -0.8716  -36.5938   25.8774
  QMMM:     3        3      F        1.0661  -37.0435   25.0065
  QMMM:     4        4      F       -0.7433  -37.3874   23.8571
  QMMM:     5        5      O        1.5980  -34.9059   21.0071
  QMMM:     6        6      O        0.9042  -35.1774   23.0600
  QMMM:     7        7      N       -0.6188  -34.3059   21.4070
  QMMM:     8        8      C       -1.6495  -34.1838   22.3361
  QMMM:     9        9      C       -2.9248  -33.7131   21.9492
  QMMM:    10       10      C       -3.9317  -33.5766   22.8939
  QMMM:    11       11      C       -3.6868  -33.9014   24.2338
  QMMM:    12       12      C       -2.4343  -34.3705   24.6297
  QMMM:    13       13      C       -1.4137  -34.5252   23.6882
  QMMM:    14       14      C       -0.0592  -35.0107   24.1188
  QMMM:    15       15      C        0.5188  -34.1325   25.1085
  QMMM:    16       16      C        1.0145  -33.3932   25.9091
  QMMM:    17       17      C        1.5724  -32.5134   26.8654
  QMMM:    18       18      C        2.4955  -33.0478   27.9395
  QMMM:    19       19      C        3.0545  -32.2069   26.8360
  QMMM:    20       20      C       -0.1534  -36.4996   24.7157
  QMMM:    21       21      C        0.6342  -34.7794   21.7693
  QMMM:    22       22      H        3.6837  -32.6835   26.0628
  QMMM:    23       23      H        3.3729  -31.1709   27.0497
  QMMM:    24       24      H        2.4075  -32.6232   28.9555
  QMMM:    25       25      H        2.7234  -34.1286   27.9597
  QMMM:    26       26      H        0.8768  -31.6896   27.1408
  QMMM:    27       27      H       -0.7728  -34.0633   20.4544
  QMMM:    28       28      H       -2.2412  -34.6289   25.6856
  QMMM:    29       29      H       -4.9241  -33.2100   22.5853
  QMMM:    30       30      H       -3.1249  -33.4520   20.8987

           --------- Calculation Completed ----------

